
============================================================
HttpClient Tests
============================================================
Running HttpCore tests...
Running ApiClient tests...
Running WebhookClient tests...
Running Edge Case tests...

========================================
Test Results: 108/113 passed
========================================

笨・HttpCore.cloneHeaders > null 繧呈ｸ｡縺吶→遨ｺ繧ｪ繝悶ず繧ｧ繧ｯ繝医ｒ霑斐☆
笨・HttpCore.cloneHeaders > undefined 繧呈ｸ｡縺吶→遨ｺ繧ｪ繝悶ず繧ｧ繧ｯ繝医ｒ霑斐☆
笨・HttpCore.cloneHeaders > 繝倥ャ繝繝ｼ繧呈ｭ｣縺励￥繧ｯ繝ｭ繝ｼ繝ｳ縺吶ｋ
笨・HttpCore.cloneHeaders > 繧ｯ繝ｭ繝ｼ繝ｳ縺ｯ蜈・・繧ｪ繝悶ず繧ｧ繧ｯ繝医→迢ｬ遶九＠縺ｦ縺・ｋ
笨・HttpCore.mergeHeaders > null 繝吶・繧ｹ縺ｧ override 縺ｮ縺ｿ霑斐☆
笨・HttpCore.mergeHeaders > override 縺・null 縺ｮ蝣ｴ蜷医・繝ｼ繧ｹ縺ｮ縺ｿ霑斐☆
笨・HttpCore.mergeHeaders > 繝倥ャ繝繝ｼ繧偵・繝ｼ繧ｸ縺吶ｋ
笨・HttpCore.mergeHeaders > override 縺・base 繧剃ｸ頑嶌縺阪☆繧・笨・HttpCore.hasHeader > 蟄伜惠縺吶ｋ繝倥ャ繝繝ｼ縺ｧ true 繧定ｿ斐☆
笨・HttpCore.hasHeader > 蟄伜惠縺励↑縺・・繝・ム繝ｼ縺ｧ false 繧定ｿ斐☆
笨・HttpCore.hasHeader > 螟ｧ譁・ｭ怜ｰ乗枚蟄励ｒ蛹ｺ蛻･縺励↑縺・ｼ亥ｰ乗枚蟄励〒讀懃ｴ｢・・笨・HttpCore.hasHeader > 螟ｧ譁・ｭ怜ｰ乗枚蟄励ｒ蛹ｺ蛻･縺励↑縺・ｼ亥､ｧ譁・ｭ励〒讀懃ｴ｢・・笨・HttpCore.interpretResponse > 200 繝ｬ繧ｹ繝昴Φ繧ｹ繧呈ｭ｣縺励￥隗｣驥医☆繧・笨・HttpCore.interpretResponse > JSON 縺ｧ縺ｪ縺・Ξ繧ｹ繝昴Φ繧ｹ縺ｯ繝・く繧ｹ繝医→縺励※謇ｱ縺・笨・HttpCore.interpretResponse > 遨ｺ縺ｮ繝ｬ繧ｹ繝昴Φ繧ｹ繝懊ョ繧｣繧貞・逅・☆繧・笨・HttpCore.interpretResponse > 4xx 繧ｨ繝ｩ繝ｼ縺ｧ萓句､悶ｒ繧ｹ繝ｭ繝ｼ縺吶ｋ
笨・HttpCore.interpretResponse > 5xx 繧ｨ繝ｩ繝ｼ縺ｧ萓句､悶ｒ繧ｹ繝ｭ繝ｼ縺吶ｋ
笨・HttpCore.interpretResponse > 繧ｨ繝ｩ繝ｼ譎ゅ↓隧ｳ邏ｰ諠・ｱ繧貞性繧
笨・HttpCore.createTransport > fetch 繝｡繧ｽ繝・ラ繧呈戟縺､繧ｪ繝悶ず繧ｧ繧ｯ繝医ｒ霑斐☆
笨・HttpCore.withRetry > 謌仙粥譎ゅ・繝ｪ繝医Λ繧､縺励↑縺・笨・HttpCore.withRetry > 429 縺ｧ繝ｪ繝医Λ繧､縺吶ｋ
笨・HttpCore.withRetry > 500 縺ｧ繝ｪ繝医Λ繧､縺吶ｋ
笨・HttpCore.withRetry > 繝ｪ繝医Λ繧､荳企剞縺ｧ萓句､悶ｒ繧ｹ繝ｭ繝ｼ縺吶ｋ
笨・HttpCore.withRetry > 繝ｪ繝医Λ繧､荳企剞繧ｨ繝ｩ繝ｼ縺ｮ e.name 縺・RetryExhaustedError 縺ｧ縺ゅｋ
笨・HttpCore.withRetry > 繝ｪ繝医Λ繧､荳企剞繧ｨ繝ｩ繝ｼ縺ｯ莠碁㍾繝ｭ繧ｰ繧帝亟縺舌◆繧√↓蜀阪せ繝ｭ繝ｼ縺輔ｌ繧・笨・HttpCore.withRetry > 萓句､也匱逕滓凾繧ゅΜ繝医Λ繧､縺吶ｋ
笨・HttpCore.withRetry > maxRetries: 0 縺ｧ繝ｪ繝医Λ繧､縺励↑縺・笨・HttpCore.withLogger > logger 縺・null 縺ｮ蝣ｴ蜷医・蜈・・ transport 繧定ｿ斐☆
笨・HttpCore.withLogger > 繝ｭ繧ｰ縺悟・蜉帙＆繧後ｋ
笨・HttpCore.withLogger > 繧ｨ繝ｩ繝ｼ譎ゅｂ繝ｭ繧ｰ縺悟・蜉帙＆繧後ｋ
笨・ApiClient 繧､繝ｳ繧ｿ繝ｼ繝輔ぉ繝ｼ繧ｹ > withBearerAuth 縺悟・髢九＆繧後※縺・ｋ
笨・ApiClient 繧､繝ｳ繧ｿ繝ｼ繝輔ぉ繝ｼ繧ｹ > createClient 縺悟・髢九＆繧後※縺・ｋ
笨・ApiClient.withBearerAuth > Authorization 繝倥ャ繝繝ｼ繧定ｿｽ蜉縺吶ｋ
笨・ApiClient.withBearerAuth > 譌｢蟄倥・繝倥ャ繝繝ｼ繧剃ｿ晄戟縺吶ｋ
笨・ApiClient.createClient > 繧ｯ繝ｩ繧､繧｢繝ｳ繝医ｒ菴懈・縺ｧ縺阪ｋ
笨・ApiClient.createClient > call 縺ｧ豁｣縺励＞ URL 繧呈ｧ狗ｯ峨☆繧・笨・ApiClient.createClient > baseUrl 縺ｮ譛ｫ蟆ｾ繧ｹ繝ｩ繝・す繝･繧呈ｭ｣隕丞喧縺吶ｋ
笨・ApiClient.createClient > endpoint 縺ｮ蜈磯ｭ繧ｹ繝ｩ繝・す繝･繧呈ｭ｣隕丞喧縺吶ｋ
笨・ApiClient.createClient > 繧ｯ繧ｨ繝ｪ繝代Λ繝｡繝ｼ繧ｿ繧定ｿｽ蜉縺吶ｋ
笨・ApiClient.createClient > 驟榊・繧ｯ繧ｨ繝ｪ繝代Λ繝｡繝ｼ繧ｿ繧貞ｱ暮幕縺吶ｋ
笨・ApiClient.createClient > body 繧・JSON 縺ｨ縺励※騾∽ｿ｡縺吶ｋ
笨・ApiClient.createClient > Content-Type 繧定・蜍戊ｨｭ螳壹☆繧・笨・ApiClient.createClient > 繝・ヵ繧ｩ繝ｫ繝医・繝・ム繝ｼ繧剃ｽｿ逕ｨ縺吶ｋ
笨・ApiClient.createClient > 繝ｪ繧ｯ繧ｨ繧ｹ繝医・繝・ム繝ｼ縺ｧ繝・ヵ繧ｩ繝ｫ繝医ｒ荳頑嶌縺阪☆繧・笨・ApiClient.createClient > extend 縺ｧ繝・さ繝ｬ繝ｼ繧ｿ繧帝←逕ｨ縺ｧ縺阪ｋ
笨・ApiClient.createClient > extend 縺ｯ蜈・・繧ｯ繝ｩ繧､繧｢繝ｳ繝医ｒ螟画峩縺励↑縺・ｼ医う繝溘Η繝ｼ繧ｿ繝悶Ν・・笨・ApiClient.createClient > HTTP繧ｨ繝ｩ繝ｼ譎ゅ↓萓句､悶ｒ繧ｹ繝ｭ繝ｼ縺吶ｋ
笨・ApiClient.createClient > 繝ｬ繧ｹ繝昴Φ繧ｹ繧呈ｭ｣縺励￥霑斐☆
笨・ApiClient HTTP 繝｡繧ｽ繝・ラ > get 繝｡繧ｽ繝・ラ縺悟・髢九＆繧後※縺・ｋ
笨・ApiClient HTTP 繝｡繧ｽ繝・ラ > post 繝｡繧ｽ繝・ラ縺悟・髢九＆繧後※縺・ｋ
笨・ApiClient HTTP 繝｡繧ｽ繝・ラ > put 繝｡繧ｽ繝・ラ縺悟・髢九＆繧後※縺・ｋ
笨・ApiClient HTTP 繝｡繧ｽ繝・ラ > patch 繝｡繧ｽ繝・ラ縺悟・髢九＆繧後※縺・ｋ
笨・ApiClient HTTP 繝｡繧ｽ繝・ラ > delete 繝｡繧ｽ繝・ラ縺悟・髢九＆繧後※縺・ｋ
笨・ApiClient HTTP 繝｡繧ｽ繝・ラ > get 縺ｧ GET 繝ｪ繧ｯ繧ｨ繧ｹ繝医ｒ騾∽ｿ｡縺吶ｋ
笨・ApiClient HTTP 繝｡繧ｽ繝・ラ > post 縺ｧ POST 繝ｪ繧ｯ繧ｨ繧ｹ繝医ｒ騾∽ｿ｡縺吶ｋ
笨・ApiClient HTTP 繝｡繧ｽ繝・ラ > put 縺ｧ PUT 繝ｪ繧ｯ繧ｨ繧ｹ繝医ｒ騾∽ｿ｡縺吶ｋ
笨・ApiClient HTTP 繝｡繧ｽ繝・ラ > patch 縺ｧ PATCH 繝ｪ繧ｯ繧ｨ繧ｹ繝医ｒ騾∽ｿ｡縺吶ｋ
笨・ApiClient HTTP 繝｡繧ｽ繝・ラ > delete 縺ｧ DELETE 繝ｪ繧ｯ繧ｨ繧ｹ繝医ｒ騾∽ｿ｡縺吶ｋ
笨・ApiClient.use > use 繝｡繧ｽ繝・ラ縺悟・髢九＆繧後※縺・ｋ
笨・ApiClient.use > use 縺ｧ Plugin 繧呈ｳｨ蜈･縺ｧ縺阪ｋ
笨・ApiClient.use > use 蠕後ｂ call 縺御ｽｿ縺医ｋ
笨・ApiClient.use > use 蠕後ｂ use 縺御ｽｿ縺医ｋ・医メ繧ｧ繝ｼ繝ｳ蜿ｯ閭ｽ・・笨・ApiClient.use > use 蠕後ｂ HTTP 繝｡繧ｽ繝・ラ縺御ｽｿ縺医ｋ
笨・ApiClient.use > use 縺ｧ蜊倅ｽ薙Γ繧ｽ繝・ラ繧呈ｳｨ蜈･縺ｧ縺阪ｋ
笨・ApiClient.use > Plugin 蜀・〒 call 繧剃ｽｿ縺｣縺ｦ螳滄圀縺ｫ繝ｪ繧ｯ繧ｨ繧ｹ繝医☆繧・笨・ApiClient.use > Plugin 蜀・〒 HTTP 繝｡繧ｽ繝・ラ繧ｷ繝ｧ繝ｼ繝医き繝・ヨ繧剃ｽｿ縺医ｋ
笨・ApiClient.use > use 蠕後ｂ extend 縺御ｽｿ縺医ｋ
笨・WebhookClient 繧､繝ｳ繧ｿ繝ｼ繝輔ぉ繝ｼ繧ｹ > create 縺悟・髢九＆繧後※縺・ｋ
笨・WebhookClient 繧､繝ｳ繧ｿ繝ｼ繝輔ぉ繝ｼ繧ｹ > send 縺悟・髢九＆繧後※縺・ｋ
笨・WebhookClient.create > 繧ｯ繝ｩ繧､繧｢繝ｳ繝医ｒ菴懈・縺ｧ縺阪ｋ
笨・WebhookClient.send (繝｢繝・け) > WebhookClient.create 縺・send 繝｡繧ｽ繝・ラ繧呈戟縺､
笨・HttpCore 繧ｨ繝・ず繧ｱ繝ｼ繧ｹ > cloneHeaders: 遨ｺ繧ｪ繝悶ず繧ｧ繧ｯ繝医ｒ豁｣縺励￥繧ｯ繝ｭ繝ｼ繝ｳ縺吶ｋ
笨・HttpCore 繧ｨ繝・ず繧ｱ繝ｼ繧ｹ > mergeHeaders: 荳｡譁ｹ null 縺ｮ蝣ｴ蜷育ｩｺ繧ｪ繝悶ず繧ｧ繧ｯ繝医ｒ霑斐☆
笨・HttpCore 繧ｨ繝・ず繧ｱ繝ｼ繧ｹ > mergeHeaders: 荳｡譁ｹ undefined 縺ｮ蝣ｴ蜷育ｩｺ繧ｪ繝悶ず繧ｧ繧ｯ繝医ｒ霑斐☆
笨・HttpCore 繧ｨ繝・ず繧ｱ繝ｼ繧ｹ > hasHeader: 遨ｺ繧ｪ繝悶ず繧ｧ繧ｯ繝医〒 false 繧定ｿ斐☆
笨・HttpCore 繧ｨ繝・ず繧ｱ繝ｼ繧ｹ > hasHeader: null headers 縺ｧ false 繧定ｿ斐☆
笨・HttpCore 繧ｨ繝・ず繧ｱ繝ｼ繧ｹ > interpretResponse: 201 Created 繧呈ｭ｣蟶ｸ縺ｨ縺励※謇ｱ縺・笨・HttpCore 繧ｨ繝・ず繧ｱ繝ｼ繧ｹ > interpretResponse: 204 No Content 繧呈ｭ｣蟶ｸ縺ｨ縺励※謇ｱ縺・笨・HttpCore 繧ｨ繝・ず繧ｱ繝ｼ繧ｹ > interpretResponse: 299 繧呈ｭ｣蟶ｸ縺ｨ縺励※謇ｱ縺・笨・HttpCore 繧ｨ繝・ず繧ｱ繝ｼ繧ｹ > interpretResponse: 300 繝ｪ繝繧､繝ｬ繧ｯ繝医ｒ繧ｨ繝ｩ繝ｼ縺ｨ縺励※謇ｱ縺・笨・HttpCore 繧ｨ繝・ず繧ｱ繝ｼ繧ｹ > interpretResponse: 荳肴ｭ｣縺ｪ JSON 縺ｯ繝・く繧ｹ繝医→縺励※謇ｱ縺・笨・HttpCore 繧ｨ繝・ず繧ｱ繝ｼ繧ｹ > withRetry: 4xx・・29莉･螟厄ｼ峨・繝ｪ繝医Λ繧､縺励↑縺・笨・HttpCore 繧ｨ繝・ず繧ｱ繝ｼ繧ｹ > withRetry: 503 縺ｧ繝ｪ繝医Λ繧､縺吶ｋ
笨・HttpCore 繧ｨ繝・ず繧ｱ繝ｼ繧ｹ > withRetry: options 縺ｪ縺励〒繧ょ虚菴懊☆繧・笨・HttpCore 繧ｨ繝・ず繧ｱ繝ｼ繧ｹ > withRetry: 繝ｪ繝医Λ繧､荳企剞繧ｨ繝ｩ繝ｼ繧呈ｭ｣縺励￥繧ｹ繝ｭ繝ｼ縺吶ｋ
笨・ApiClient 繧ｨ繝・ず繧ｱ繝ｼ繧ｹ > 遨ｺ縺ｮ繧ｯ繧ｨ繝ｪ繧ｪ繝悶ず繧ｧ繧ｯ繝医・繧ｯ繧ｨ繝ｪ譁・ｭ怜・繧定ｿｽ蜉縺励↑縺・笨・ApiClient 繧ｨ繝・ず繧ｱ繝ｼ繧ｹ > 繧ｯ繧ｨ繝ｪ蛟､縺・null/undefined 縺ｯ繧ｹ繧ｭ繝・・縺輔ｌ繧・笨・ApiClient 繧ｨ繝・ず繧ｱ繝ｼ繧ｹ > 繧ｯ繧ｨ繝ｪ蛟､縺ｫ迚ｹ谿頑枚蟄励′繧ｨ繝ｳ繧ｳ繝ｼ繝峨＆繧後ｋ
笨・ApiClient 繧ｨ繝・ず繧ｱ繝ｼ繧ｹ > 遨ｺ縺ｮ驟榊・繧ｯ繧ｨ繝ｪ縺ｯ菴輔ｂ霑ｽ蜉縺励↑縺・笨・ApiClient 繧ｨ繝・ず繧ｱ繝ｼ繧ｹ > endpoint 縺檎ｩｺ譁・ｭ励〒繧ゅΝ繝ｼ繝医ヱ繧ｹ縺ｫ縺ｪ繧・笨・ApiClient 繧ｨ繝・ず繧ｱ繝ｼ繧ｹ > endpoint 縺・undefined 縺ｧ繧ゅΝ繝ｼ繝医ヱ繧ｹ縺ｫ縺ｪ繧・笨・ApiClient 繧ｨ繝・ず繧ｱ繝ｼ繧ｹ > baseUrl 縺檎ｩｺ縺ｧ繧ょ虚菴懊☆繧・笨・ApiClient 繧ｨ繝・ず繧ｱ繝ｼ繧ｹ > 隍・焚縺ｮ繧ｹ繝ｩ繝・す繝･縺梧ｭ｣隕丞喧縺輔ｌ繧・笨・ApiClient 繧ｨ繝・ず繧ｱ繝ｼ繧ｹ > GET 繝ｪ繧ｯ繧ｨ繧ｹ繝医〒 body 縺ｯ辟｡隕悶＆繧後ｋ
笨・ApiClient 繧ｨ繝・ず繧ｱ繝ｼ繧ｹ > HEAD 繝ｪ繧ｯ繧ｨ繧ｹ繝医〒 body 縺ｯ辟｡隕悶＆繧後ｋ
笨・ApiClient 繧ｨ繝・ず繧ｱ繝ｼ繧ｹ > DELETE 繝ｪ繧ｯ繧ｨ繧ｹ繝医〒 body 縺ｯ辟｡隕悶＆繧後ｋ・・FC 9110 Section 9.3.5・・笨・ApiClient 繧ｨ繝・ず繧ｱ繝ｼ繧ｹ > 繧ｫ繧ｹ繧ｿ繝 Content-Type 縺ｯ荳頑嶌縺阪＆繧後↑縺・笨・ApiClient 繧ｨ繝・ず繧ｱ繝ｼ繧ｹ > method 縺梧欠螳壹＆繧後↑縺・ｴ蜷・GET 縺後ョ繝輔か繝ｫ繝・笨・ApiClient 繧ｨ繝・ず繧ｱ繝ｼ繧ｹ > method 縺ｯ螟ｧ譁・ｭ励↓豁｣隕丞喧縺輔ｌ繧・笨・ApiClient 繧ｨ繝・ず繧ｱ繝ｼ繧ｹ > timeoutMs 縺瑚ｨｭ螳壹＆繧後ｋ
笨・ApiClient 繧ｨ繝・ず繧ｱ繝ｼ繧ｹ > responseHandler 縺悟他縺ｰ繧後ｋ
笨・ApiClient 繧ｨ繝・ず繧ｱ繝ｼ繧ｹ > responseHandler 縺後お繝ｩ繝ｼ繧偵せ繝ｭ繝ｼ縺ｧ縺阪ｋ
笨・ClientHelper 繧ｨ繝・ず繧ｱ繝ｼ繧ｹ > use() 縺ｧ蜷悟錐繝｡繧ｽ繝・ラ繧剃ｸ頑嶌縺阪〒縺阪ｋ
笨・ClientHelper 繧ｨ繝・ず繧ｱ繝ｼ繧ｹ > use() 縺ｧ遨ｺ繧ｪ繝悶ず繧ｧ繧ｯ繝医ｒ霑斐☆繝励Λ繧ｰ繧､繝ｳ繧ょ虚菴懊☆繧・笨・ClientHelper 繧ｨ繝・ず繧ｱ繝ｼ繧ｹ > use() 繝√ぉ繝ｼ繝ｳ蠕後ｂ蜈・・繧ｯ繝ｩ繧､繧｢繝ｳ繝医・螟画峩縺輔ｌ縺ｪ縺・笨・ClientHelper 繧ｨ繝・ず繧ｱ繝ｼ繧ｹ > use() 蜊倅ｽ薙Γ繧ｽ繝・ラ繝代ち繝ｼ繝ｳ縺ｧ豁｣縺励￥繝｡繧ｽ繝・ラ縺瑚ｿｽ蜉縺輔ｌ繧・笨・ClientHelper 繧ｨ繝・ず繧ｱ繝ｼ繧ｹ > 3縺､莉･荳翫・繝励Λ繧ｰ繧､繝ｳ繧偵メ繧ｧ繝ｼ繝ｳ縺ｧ縺阪ｋ
笨・ClientHelper 繧ｨ繝・ず繧ｱ繝ｼ繧ｹ > use() 縺ｧ null 繧定ｿ斐☆繝励Λ繧ｰ繧､繝ｳ縺ｯ TypeError
  竊・Error message mismatch: expected to include "Plugin 縺ｯ Object 繧定ｿ斐☆蠢・ｦ√′縺ゅｊ縺ｾ縺・, got "plugin 縺ｮ謌ｻ繧雁､縺ｫ縺ｯ Object 繧呈欠螳壹＠縺ｦ縺上□縺輔＞"
笨・ClientHelper 繧ｨ繝・ず繧ｱ繝ｼ繧ｹ > use() 縺ｧ驟榊・繧定ｿ斐☆繝励Λ繧ｰ繧､繝ｳ縺ｯ TypeError
  竊・Error message mismatch: expected to include "Plugin 縺ｯ Object 繧定ｿ斐☆蠢・ｦ√′縺ゅｊ縺ｾ縺・, got "plugin 縺ｮ謌ｻ繧雁､縺ｫ縺ｯ Object 繧呈欠螳壹＠縺ｦ縺上□縺輔＞"
笨・ClientHelper 繧ｨ繝・ず繧ｱ繝ｼ繧ｹ > use() 縺ｧ譁・ｭ怜・繧定ｿ斐☆繝励Λ繧ｰ繧､繝ｳ縺ｯ TypeError
  竊・Error message mismatch: expected to include "Plugin 縺ｯ Object 繧定ｿ斐☆蠢・ｦ√′縺ゅｊ縺ｾ縺・, got "plugin 縺ｮ謌ｻ繧雁､縺ｫ縺ｯ Object 繧呈欠螳壹＠縺ｦ縺上□縺輔＞"
笨・ClientHelper 繧ｨ繝・ず繧ｱ繝ｼ繧ｹ > use() 縺ｧ undefined 繧定ｿ斐☆繝励Λ繧ｰ繧､繝ｳ縺ｯ TypeError
  竊・Error message mismatch: expected to include "Plugin 縺ｯ Object 繧定ｿ斐☆蠢・ｦ√′縺ゅｊ縺ｾ縺・, got "plugin 縺ｮ謌ｻ繧雁､縺ｫ縺ｯ Object 繧呈欠螳壹＠縺ｦ縺上□縺輔＞"
笨・ClientHelper 繧ｨ繝・ず繧ｱ繝ｼ繧ｹ > use() 縺ｧ謨ｰ蛟､繧定ｿ斐☆繝励Λ繧ｰ繧､繝ｳ縺ｯ TypeError
  竊・Error message mismatch: expected to include "Plugin 縺ｯ Object 繧定ｿ斐☆蠢・ｦ√′縺ゅｊ縺ｾ縺・, got "plugin 縺ｮ謌ｻ繧雁､縺ｫ縺ｯ Object 繧呈欠螳壹＠縺ｦ縺上□縺輔＞"
笨・ClientHelper 繧ｨ繝・ず繧ｱ繝ｼ繧ｹ > Plugin 縺九ｉ extend 繧貞他縺ｳ蜃ｺ縺帙ｋ

5 test(s) failed.


============================================================
SlackClient Tests
============================================================
Running SlackCore tests...
Running SlackApiClient tests...
Running SlackWebhookClient tests...
Running Slack Edge Case tests...

========================================
Test Results: 48/48 passed
========================================

笨・SlackCore.withRetry > 謌仙粥譎ゅ・繝ｪ繝医Λ繧､縺励↑縺・笨・SlackCore.withRetry > 429 縺ｧ Retry-After 繧貞ｰ企㍾縺励※繝ｪ繝医Λ繧､縺吶ｋ
笨・SlackCore.withRetry > 500 縺ｧ繝ｪ繝医Λ繧､縺吶ｋ
笨・SlackCore.withRetry > 繝ｪ繝医Λ繧､荳企剞縺ｧ萓句､悶ｒ繧ｹ繝ｭ繝ｼ縺吶ｋ
笨・SlackCore.withRetry 繝ｭ繧ｬ繝ｼ > 429 繝ｪ繝医Λ繧､譎ゅ↓ warn 繝ｭ繧ｰ繧貞・蜉帙☆繧・笨・SlackCore.withRetry 繝ｭ繧ｬ繝ｼ > 500 繝ｪ繝医Λ繧､譎ゅ↓ warn 繝ｭ繧ｰ繧貞・蜉帙☆繧・笨・SlackCore.withRetry 繝ｭ繧ｬ繝ｼ > 繝ｪ繝医Λ繧､荳企剞譎ゅ↓ error 繝ｭ繧ｰ繧貞・蜉帙☆繧・笨・SlackCore.withRetry 繝ｭ繧ｬ繝ｼ > 繝ｭ繧ｬ繝ｼ縺ｪ縺励〒繧ょ虚菴懊☆繧・笨・SlackApiClient 繧､繝ｳ繧ｿ繝ｼ繝輔ぉ繝ｼ繧ｹ > create 縺悟・髢九＆繧後※縺・ｋ
笨・SlackApiClient.create > 繧ｯ繝ｩ繧､繧｢繝ｳ繝医ｒ菴懈・縺ｧ縺阪ｋ
笨・SlackApiClient HTTP 繝｡繧ｽ繝・ラ > get 繝｡繧ｽ繝・ラ縺悟・髢九＆繧後※縺・ｋ
笨・SlackApiClient.use > use 繝｡繧ｽ繝・ラ縺ｮ蟄伜惠遒ｺ隱搾ｼ医う繝ｳ繧ｿ繝ｼ繝輔ぉ繝ｼ繧ｹ・・笨・SlackApiClient Plugin 豕ｨ蜈･ > SlackMessages Plugin 繝代ち繝ｼ繝ｳ縺ｮ萓・笨・SlackApiClient Plugin 豕ｨ蜈･ > SlackChannels Plugin 繝代ち繝ｼ繝ｳ縺ｮ萓・笨・SlackApiClient Plugin 豕ｨ蜈･ > 蜊倅ｽ薙Γ繧ｽ繝・ラ豕ｨ蜈･繝代ち繝ｼ繝ｳ縺ｮ萓・笨・SlackApiClient Plugin 豕ｨ蜈･ > 隍・焚 Plugin 縺ｮ繝√ぉ繝ｼ繝ｳ豕ｨ蜈･繝代ち繝ｼ繝ｳ
笨・SlackWebhookClient 繧､繝ｳ繧ｿ繝ｼ繝輔ぉ繝ｼ繧ｹ > create 縺悟・髢九＆繧後※縺・ｋ
笨・SlackWebhookClient 繧､繝ｳ繧ｿ繝ｼ繝輔ぉ繝ｼ繧ｹ > send 縺悟・髢九＆繧後※縺・ｋ
笨・SlackWebhookClient.create > 繧ｯ繝ｩ繧､繧｢繝ｳ繝医ｒ菴懈・縺ｧ縺阪ｋ
笨・SlackCore.withRetry 繧ｨ繝・ず繧ｱ繝ｼ繧ｹ > 429 縺ｧ Retry-After 繝倥ャ繝繝ｼ縺後↑縺・ｴ蜷・1遘貞ｾ・ｩ・笨・SlackCore.withRetry 繧ｨ繝・ず繧ｱ繝ｼ繧ｹ > 429 縺ｧ Retry-After 縺悟ｰ乗枚蟄励〒繧りｪ崎ｭ倥☆繧・笨・SlackCore.withRetry 繧ｨ繝・ず繧ｱ繝ｼ繧ｹ > 429 縺ｧ Retry-After 縺碁撼謨ｰ蛟､縺ｮ蝣ｴ蜷・NaN 縺ｫ縺ｪ繧峨★蠕・ｩ溘☆繧・笨・SlackCore.withRetry 繧ｨ繝・ず繧ｱ繝ｼ繧ｹ > 4xx・・29莉･螟厄ｼ峨・繝ｪ繝医Λ繧､縺励↑縺・笨・SlackCore.withRetry 繧ｨ繝・ず繧ｱ繝ｼ繧ｹ > 503 縺ｧ繝ｪ繝医Λ繧､縺吶ｋ
笨・SlackCore.withRetry 繧ｨ繝・ず繧ｱ繝ｼ繧ｹ > 萓句､也匱逕滓凾繧ゅΜ繝医Λ繧､縺吶ｋ
笨・SlackCore.withRetry 繧ｨ繝・ず繧ｱ繝ｼ繧ｹ > 繝ｪ繝医Λ繧､荳企剞繧ｨ繝ｩ繝ｼ縺ｯ莠碁㍾繝ｭ繧ｰ繧帝亟縺舌◆繧√↓蜀阪せ繝ｭ繝ｼ縺輔ｌ繧・笨・SlackCore.withRetry 繧ｨ繝・ず繧ｱ繝ｼ繧ｹ > maxRetries: 0 縺ｧ繝ｪ繝医Λ繧､縺励↑縺・ｼ・29・・笨・SlackCore.withRetry 繧ｨ繝・ず繧ｱ繝ｼ繧ｹ > maxRetries: 0 縺ｧ繝ｪ繝医Λ繧､縺励↑縺・ｼ・00・・笨・SlackCore.withRetry 繧ｨ繝・ず繧ｱ繝ｼ繧ｹ > options 縺ｪ縺励〒繝・ヵ繧ｩ繝ｫ繝亥､縺御ｽｿ逕ｨ縺輔ｌ繧・笨・SlackCore.withRetry 繧ｨ繝・ず繧ｱ繝ｼ繧ｹ > options.method 縺後↑縺・ｴ蜷・GET 縺後Ο繧ｰ縺ｫ蜃ｺ蜉帙＆繧後ｋ
笨・slackResponseHandler 繧ｨ繝・ず繧ｱ繝ｼ繧ｹ > ok: true 縺ｮ繝ｬ繧ｹ繝昴Φ繧ｹ縺ｯ繝懊ョ繧｣繧定ｿ斐☆
笨・slackResponseHandler 繧ｨ繝・ず繧ｱ繝ｼ繧ｹ > ok: false 縺ｧ SlackApiError 縺後せ繝ｭ繝ｼ縺輔ｌ繧・笨・slackResponseHandler 繧ｨ繝・ず繧ｱ繝ｼ繧ｹ > ok: false 縺ｧ error 繧ｳ繝ｼ繝峨′縺ｪ縺・ｴ蜷医ョ繝輔か繝ｫ繝医お繝ｩ繝ｼ
笨・slackResponseHandler 繧ｨ繝・ず繧ｱ繝ｼ繧ｹ > ok: false 縺ｧ response_metadata 縺御ｼ晄眺縺吶ｋ
笨・SlackWebhookClient 繧ｨ繝・ず繧ｱ繝ｼ繧ｹ > maxRetries: 0 縺ｧ繝ｪ繝医Λ繧､縺ｪ縺励け繝ｩ繧､繧｢繝ｳ繝井ｽ懈・
笨・SlackWebhookClient 繧ｨ繝・ず繧ｱ繝ｼ繧ｹ > options 縺ｪ縺励〒繧ｯ繝ｩ繧､繧｢繝ｳ繝井ｽ懈・
笨・SlackWebhookClient 繧ｨ繝・ず繧ｱ繝ｼ繧ｹ > 髱咏噪 send 繝｡繧ｽ繝・ラ縺・options 繧呈ｸ｡縺帙ｋ
笨・Slack 繧ｨ繝ｩ繝ｼ繧ｳ繝ｼ繝峨ヱ繧ｿ繝ｼ繝ｳ > 繧ｨ繝ｩ繝ｼ繧ｳ繝ｼ繝・ channel_not_found 繧呈ｭ｣縺励￥繝上Φ繝峨Μ繝ｳ繧ｰ
笨・Slack 繧ｨ繝ｩ繝ｼ繧ｳ繝ｼ繝峨ヱ繧ｿ繝ｼ繝ｳ > 繧ｨ繝ｩ繝ｼ繧ｳ繝ｼ繝・ not_in_channel 繧呈ｭ｣縺励￥繝上Φ繝峨Μ繝ｳ繧ｰ
笨・Slack 繧ｨ繝ｩ繝ｼ繧ｳ繝ｼ繝峨ヱ繧ｿ繝ｼ繝ｳ > 繧ｨ繝ｩ繝ｼ繧ｳ繝ｼ繝・ is_archived 繧呈ｭ｣縺励￥繝上Φ繝峨Μ繝ｳ繧ｰ
笨・Slack 繧ｨ繝ｩ繝ｼ繧ｳ繝ｼ繝峨ヱ繧ｿ繝ｼ繝ｳ > 繧ｨ繝ｩ繝ｼ繧ｳ繝ｼ繝・ msg_too_long 繧呈ｭ｣縺励￥繝上Φ繝峨Μ繝ｳ繧ｰ
笨・Slack 繧ｨ繝ｩ繝ｼ繧ｳ繝ｼ繝峨ヱ繧ｿ繝ｼ繝ｳ > 繧ｨ繝ｩ繝ｼ繧ｳ繝ｼ繝・ no_text 繧呈ｭ｣縺励￥繝上Φ繝峨Μ繝ｳ繧ｰ
笨・Slack 繧ｨ繝ｩ繝ｼ繧ｳ繝ｼ繝峨ヱ繧ｿ繝ｼ繝ｳ > 繧ｨ繝ｩ繝ｼ繧ｳ繝ｼ繝・ too_many_attachments 繧呈ｭ｣縺励￥繝上Φ繝峨Μ繝ｳ繧ｰ
笨・Slack 繧ｨ繝ｩ繝ｼ繧ｳ繝ｼ繝峨ヱ繧ｿ繝ｼ繝ｳ > 繧ｨ繝ｩ繝ｼ繧ｳ繝ｼ繝・ rate_limited 繧呈ｭ｣縺励￥繝上Φ繝峨Μ繝ｳ繧ｰ
笨・Slack 繧ｨ繝ｩ繝ｼ繧ｳ繝ｼ繝峨ヱ繧ｿ繝ｼ繝ｳ > 繧ｨ繝ｩ繝ｼ繧ｳ繝ｼ繝・ invalid_auth 繧呈ｭ｣縺励￥繝上Φ繝峨Μ繝ｳ繧ｰ
笨・Slack 繧ｨ繝ｩ繝ｼ繧ｳ繝ｼ繝峨ヱ繧ｿ繝ｼ繝ｳ > 繧ｨ繝ｩ繝ｼ繧ｳ繝ｼ繝・ account_inactive 繧呈ｭ｣縺励￥繝上Φ繝峨Μ繝ｳ繧ｰ
笨・Slack 繧ｨ繝ｩ繝ｼ繧ｳ繝ｼ繝峨ヱ繧ｿ繝ｼ繝ｳ > 繧ｨ繝ｩ繝ｼ繧ｳ繝ｼ繝・ token_revoked 繧呈ｭ｣縺励￥繝上Φ繝峨Μ繝ｳ繧ｰ
笨・Slack 繧ｨ繝ｩ繝ｼ繧ｳ繝ｼ繝峨ヱ繧ｿ繝ｼ繝ｳ > 繧ｨ繝ｩ繝ｼ繧ｳ繝ｼ繝・ missing_scope 繧呈ｭ｣縺励￥繝上Φ繝峨Μ繝ｳ繧ｰ

All tests passed!


============================================================
LoggerFacade Tests
============================================================
Running LoggerFacade tests...

========================================
Test Results: 22/22 passed
========================================

笨・LoggerFacade.createLogger 蝓ｺ譛ｬ > null 繧呈ｸ｡縺吶→ null 繧定ｿ斐☆
笨・LoggerFacade.createLogger 蝓ｺ譛ｬ > undefined 繧呈ｸ｡縺吶→ null 繧定ｿ斐☆
笨・LoggerFacade.createLogger 蝓ｺ譛ｬ > false 繧呈ｸ｡縺吶→ null 繧定ｿ斐☆
笨・LoggerFacade.createLogger 蝓ｺ譛ｬ > 0 繧呈ｸ｡縺吶→ null 繧定ｿ斐☆
笨・LoggerFacade.createLogger 蝓ｺ譛ｬ > 遨ｺ譁・ｭ励ｒ貂｡縺吶→ null 繧定ｿ斐☆
笨・LoggerFacade.createLogger 蝓ｺ譛ｬ > 譛牙柑縺ｪ繧ｪ繝悶ず繧ｧ繧ｯ繝医〒 Logger 繧､繝ｳ繧ｿ繝ｼ繝輔ぉ繝ｼ繧ｹ繧定ｿ斐☆
笨・LoggerFacade console 莠呈鋤 > console 莠呈鋤繧ｪ繝悶ず繧ｧ繧ｯ繝医・繝｡繧ｽ繝・ラ隗｣豎ｺ
笨・LoggerFacade console 莠呈鋤 > 蠑墓焚縺梧ｭ｣縺励￥莨晄成縺輔ｌ繧・笨・LoggerFacade GAS Logger 莠呈鋤 > log 縺ｮ縺ｿ謖√▽繧ｪ繝悶ず繧ｧ繧ｯ繝医〒蜈ｨ繝ｬ繝吶Ν縺・log 縺ｫ繝輔か繝ｼ繝ｫ繝舌ャ繧ｯ
笨・LoggerFacade java.util.logging 莠呈鋤 > finest/fine/warning/severe 縺梧ｭ｣縺励￥隗｣豎ｺ縺輔ｌ繧・笨・LoggerFacade 繝｡繧ｽ繝・ラ隗｣豎ｺ蜆ｪ蜈磯・ｽ・> trace: trace 縺梧怙蜆ｪ蜈・笨・LoggerFacade 繝｡繧ｽ繝・ラ隗｣豎ｺ蜆ｪ蜈磯・ｽ・> trace: trace 縺後↑縺代ｌ縺ｰ finest
笨・LoggerFacade 繝｡繧ｽ繝・ラ隗｣豎ｺ蜆ｪ蜈磯・ｽ・> trace: finest 繧ゅ↑縺代ｌ縺ｰ finer
笨・LoggerFacade 繝｡繧ｽ繝・ラ隗｣豎ｺ蜆ｪ蜈磯・ｽ・> trace: finer 繧ゅ↑縺代ｌ縺ｰ debug
笨・LoggerFacade 繝｡繧ｽ繝・ラ隗｣豎ｺ蜆ｪ蜈磯・ｽ・> trace: debug 繧ゅ↑縺代ｌ縺ｰ log
笨・LoggerFacade 繝｡繧ｽ繝・ラ隗｣豎ｺ蜆ｪ蜈磯・ｽ・> warn: warn 縺梧怙蜆ｪ蜈・笨・LoggerFacade 繝｡繧ｽ繝・ラ隗｣豎ｺ蜆ｪ蜈磯・ｽ・> warn: warn 縺後↑縺代ｌ縺ｰ warning
笨・LoggerFacade 繝｡繧ｽ繝・ラ隗｣豎ｺ蜆ｪ蜈磯・ｽ・> error: error 縺梧怙蜆ｪ蜈・笨・LoggerFacade 繝｡繧ｽ繝・ラ隗｣豎ｺ蜆ｪ蜈磯・ｽ・> error: error 縺後↑縺代ｌ縺ｰ severe
笨・LoggerFacade 繧ｨ繝・ず繧ｱ繝ｼ繧ｹ > 繝｡繧ｽ繝・ラ縺御ｸ蛻・↑縺・が繝悶ず繧ｧ繧ｯ繝医〒繧ゅお繝ｩ繝ｼ縺ｫ縺ｪ繧峨↑縺・笨・LoggerFacade 繧ｨ繝・ず繧ｱ繝ｼ繧ｹ > 繝｡繧ｽ繝・ラ縺ｧ縺ｪ縺・・繝ｭ繝代ユ繧｣縺ｯ辟｡隕悶＆繧後ｋ
笨・LoggerFacade 繧ｨ繝・ず繧ｱ繝ｼ繧ｹ > 隍・焚蠑墓焚縺梧ｭ｣縺励￥莨晄成縺輔ｌ繧・
All tests passed!


============================================================
LazyTemplate Tests
============================================================
Running LazyTemplate Constructor tests...
Running LazyTemplate Evaluate tests...
Running LazyTemplate Primitive Filter tests...
Running LazyTemplate registerFilter tests...
Running LazyTemplate Static tests...
Running LazyTemplate Edge Case tests...

========================================
Test Results: 85/85 passed
========================================

笨・LazyTemplate 繧ｳ繝ｳ繧ｹ繝医Λ繧ｯ繧ｿ > 譁・ｭ怜・縺ｧ繧､繝ｳ繧ｹ繧ｿ繝ｳ繧ｹ繧剃ｽ懈・縺ｧ縺阪ｋ
笨・LazyTemplate 繧ｳ繝ｳ繧ｹ繝医Λ繧ｯ繧ｿ > 遨ｺ譁・ｭ励〒繧､繝ｳ繧ｹ繧ｿ繝ｳ繧ｹ繧剃ｽ懈・縺ｧ縺阪ｋ
笨・LazyTemplate 繧ｳ繝ｳ繧ｹ繝医Λ繧ｯ繧ｿ > 髱樊枚蟄怜・縺ｧ TypeError 繧偵せ繝ｭ繝ｼ縺吶ｋ
笨・LazyTemplate 繧ｳ繝ｳ繧ｹ繝医Λ繧ｯ繧ｿ > undefined 縺ｧ TypeError 繧偵せ繝ｭ繝ｼ縺吶ｋ
笨・LazyTemplate 繧ｳ繝ｳ繧ｹ繝医Λ繧ｯ繧ｿ > 謨ｰ蛟､縺ｧ TypeError 繧偵せ繝ｭ繝ｼ縺吶ｋ
笨・LazyTemplate 繧ｳ繝ｳ繧ｹ繝医Λ繧ｯ繧ｿ > 繧ｫ繧ｹ繧ｿ繝繝輔ぅ繝ｫ繧ｿ繝ｼ繧呈ｸ｡縺帙ｋ
笨・LazyTemplate.evaluate 蝓ｺ譛ｬ > 繝励Ξ繝ｼ繧ｹ繝帙Ν繝繝ｼ縺ｪ縺励・縺昴・縺ｾ縺ｾ霑斐☆
笨・LazyTemplate.evaluate 蝓ｺ譛ｬ > 蜊倅ｸ繝励Ξ繝ｼ繧ｹ繝帙Ν繝繝ｼ繧定ｩ穂ｾ｡縺吶ｋ
笨・LazyTemplate.evaluate 蝓ｺ譛ｬ > 隍・焚繝励Ξ繝ｼ繧ｹ繝帙Ν繝繝ｼ繧定ｩ穂ｾ｡縺吶ｋ
笨・LazyTemplate.evaluate 蝓ｺ譛ｬ > 蟄伜惠縺励↑縺・く繝ｼ縺ｯ遨ｺ譁・ｭ励↓縺ｪ繧・笨・LazyTemplate.evaluate 蝓ｺ譛ｬ > null data 縺ｧ TypeError 繧偵せ繝ｭ繝ｼ縺吶ｋ
笨・LazyTemplate.evaluate 蝓ｺ譛ｬ > undefined data 縺ｧ TypeError 繧偵せ繝ｭ繝ｼ縺吶ｋ
笨・LazyTemplate.evaluate 繝励Ο繝代ユ繧｣繧｢繧ｯ繧ｻ繧ｹ > 繝峨ャ繝郁ｨ俶ｳ輔〒繝阪せ繝医・繝ｭ繝代ユ繧｣縺ｫ繧｢繧ｯ繧ｻ繧ｹ縺吶ｋ
笨・LazyTemplate.evaluate 繝励Ο繝代ユ繧｣繧｢繧ｯ繧ｻ繧ｹ > 豺ｱ縺・ロ繧ｹ繝医↓繧｢繧ｯ繧ｻ繧ｹ縺吶ｋ
笨・LazyTemplate.evaluate 繝励Ο繝代ユ繧｣繧｢繧ｯ繧ｻ繧ｹ > 驟榊・繧､繝ｳ繝・ャ繧ｯ繧ｹ縺ｧ繧｢繧ｯ繧ｻ繧ｹ縺吶ｋ
笨・LazyTemplate.evaluate 繝励Ο繝代ユ繧｣繧｢繧ｯ繧ｻ繧ｹ > 繝悶Λ繧ｱ繝・ヨ譁・ｭ怜・繧ｭ繝ｼ縺ｧ繧｢繧ｯ繧ｻ繧ｹ縺吶ｋ
笨・LazyTemplate.evaluate 繝励Ο繝代ユ繧｣繧｢繧ｯ繧ｻ繧ｹ > 繧ｷ繝ｳ繧ｰ繝ｫ繧ｯ繧ｩ繝ｼ繝医ヶ繝ｩ繧ｱ繝・ヨ縺ｧ繧｢繧ｯ繧ｻ繧ｹ縺吶ｋ
笨・LazyTemplate.evaluate 繝励Ο繝代ユ繧｣繧｢繧ｯ繧ｻ繧ｹ > 繝峨ャ繝医→繝悶Λ繧ｱ繝・ヨ縺ｮ豺ｷ蜷医い繧ｯ繧ｻ繧ｹ
笨・LazyTemplate.evaluate 繝励Ο繝代ユ繧｣繧｢繧ｯ繧ｻ繧ｹ > 騾比ｸｭ縺ｧ null/undefined 縺縺ｨ遨ｺ譁・ｭ励↓縺ｪ繧・笨・LazyTemplate.evaluate 繝励Ο繝代ユ繧｣繧｢繧ｯ繧ｻ繧ｹ > 騾比ｸｭ縺ｧ繝励Μ繝溘ユ繧｣繝悶□縺ｨ遨ｺ譁・ｭ励↓縺ｪ繧・笨・LazyTemplate.evaluate 繝励Ο繝代ユ繧｣繧｢繧ｯ繧ｻ繧ｹ > 繝峨ャ繝・(.) 縺ｯ繝・・繧ｿ蜈ｨ菴薙ｒ蜿ら・縺吶ｋ
笨・LazyTemplate.evaluate 繝輔か繝ｼ繝ｫ繝舌ャ繧ｯ > 譛蛻昴・蛟､縺悟ｭ伜惠縺吶ｌ縺ｰ縺昴ｌ繧剃ｽｿ縺・笨・LazyTemplate.evaluate 繝輔か繝ｼ繝ｫ繝舌ャ繧ｯ > 譛蛻昴・蛟､縺後↑縺代ｌ縺ｰ繝輔か繝ｼ繝ｫ繝舌ャ繧ｯ繧剃ｽｿ縺・笨・LazyTemplate.evaluate 繝輔か繝ｼ繝ｫ繝舌ャ繧ｯ > 譛蛻昴・蛟､縺檎ｩｺ譁・ｭ励↑繧峨ヵ繧ｩ繝ｼ繝ｫ繝舌ャ繧ｯ繧剃ｽｿ縺・笨・LazyTemplate.evaluate 繝輔か繝ｼ繝ｫ繝舌ャ繧ｯ > 譛蛻昴・蛟､縺・null 縺ｪ繧峨ヵ繧ｩ繝ｼ繝ｫ繝舌ャ繧ｯ繧剃ｽｿ縺・笨・LazyTemplate.evaluate 繝輔か繝ｼ繝ｫ繝舌ャ繧ｯ > 隍・焚谿ｵ縺ｮ繝輔か繝ｼ繝ｫ繝舌ャ繧ｯ
笨・LazyTemplate.evaluate 繝輔か繝ｼ繝ｫ繝舌ャ繧ｯ > 謨ｰ蛟､繝ｪ繝・Λ繝ｫ縺ｮ繝輔か繝ｼ繝ｫ繝舌ャ繧ｯ
笨・LazyTemplate.evaluate 繝輔か繝ｼ繝ｫ繝舌ャ繧ｯ > 豁｣縺ｮ謨ｰ蛟､繝ｪ繝・Λ繝ｫ縺ｮ繝輔か繝ｼ繝ｫ繝舌ャ繧ｯ
笨・LazyTemplate.evaluate 繝輔ぅ繝ｫ繧ｿ繝ｼ > 蜊倅ｸ繝輔ぅ繝ｫ繧ｿ繝ｼ繧帝←逕ｨ縺吶ｋ
笨・LazyTemplate.evaluate 繝輔ぅ繝ｫ繧ｿ繝ｼ > 隍・焚繝輔ぅ繝ｫ繧ｿ繝ｼ繧偵メ繧ｧ繝ｼ繝ｳ縺吶ｋ
笨・LazyTemplate.evaluate 繝輔ぅ繝ｫ繧ｿ繝ｼ > 蟄伜惠縺励↑縺・ヵ繧｣繝ｫ繧ｿ繝ｼ縺ｯ辟｡隕悶＆繧後ｋ
笨・LazyTemplate.evaluate 繝輔ぅ繝ｫ繧ｿ繝ｼ > 繝輔か繝ｼ繝ｫ繝舌ャ繧ｯ縺ｨ繝輔ぅ繝ｫ繧ｿ繝ｼ縺ｮ邨・∩蜷医ｏ縺・笨・LazyTemplate.evaluate 繧ｨ繧ｹ繧ｱ繝ｼ繝・> 繝舌ャ繧ｯ繧ｹ繝ｩ繝・す繝･莉倥″繝励Ξ繝ｼ繧ｹ繝帙Ν繝繝ｼ縺ｯ繝ｪ繝・Λ繝ｫ縺ｫ縺ｪ繧・笨・LazyTemplate.evaluate 繧ｨ繧ｹ繧ｱ繝ｼ繝・> 莠碁㍾繝舌ャ繧ｯ繧ｹ繝ｩ繝・す繝･縺ｯ繝舌ャ繧ｯ繧ｹ繝ｩ繝・す繝･1蛟・隧穂ｾ｡
笨・LazyTemplate 繝励Μ繝溘ユ繧｣繝悶ヵ繧｣繝ｫ繧ｿ繝ｼ 譁・ｭ怜・謫堺ｽ・> trim: 蜑榊ｾ後・遨ｺ逋ｽ繧貞炎髯､縺吶ｋ
笨・LazyTemplate 繝励Μ繝溘ユ繧｣繝悶ヵ繧｣繝ｫ繧ｿ繝ｼ 譁・ｭ怜・謫堺ｽ・> trim: 髱樊枚蟄怜・縺ｯ縺昴・縺ｾ縺ｾ
笨・LazyTemplate 繝励Μ繝溘ユ繧｣繝悶ヵ繧｣繝ｫ繧ｿ繝ｼ 譁・ｭ怜・謫堺ｽ・> trimStart: 蜈磯ｭ縺ｮ遨ｺ逋ｽ縺ｮ縺ｿ蜑企勁縺吶ｋ
笨・LazyTemplate 繝励Μ繝溘ユ繧｣繝悶ヵ繧｣繝ｫ繧ｿ繝ｼ 譁・ｭ怜・謫堺ｽ・> trimEnd: 譛ｫ蟆ｾ縺ｮ遨ｺ逋ｽ縺ｮ縺ｿ蜑企勁縺吶ｋ
笨・LazyTemplate 繝励Μ繝溘ユ繧｣繝悶ヵ繧｣繝ｫ繧ｿ繝ｼ 譁・ｭ怜・謫堺ｽ・> upper: 螟ｧ譁・ｭ怜喧縺吶ｋ
笨・LazyTemplate 繝励Μ繝溘ユ繧｣繝悶ヵ繧｣繝ｫ繧ｿ繝ｼ 譁・ｭ怜・謫堺ｽ・> lower: 蟆乗枚蟄怜喧縺吶ｋ
笨・LazyTemplate 繝励Μ繝溘ユ繧｣繝悶ヵ繧｣繝ｫ繧ｿ繝ｼ 謨ｰ蛟､謫堺ｽ・> round: 蝗帶昏莠泌・縺吶ｋ
笨・LazyTemplate 繝励Μ繝溘ユ繧｣繝悶ヵ繧｣繝ｫ繧ｿ繝ｼ 謨ｰ蛟､謫堺ｽ・> round: 譁・ｭ怜・謨ｰ蛟､繧貞､画鋤縺吶ｋ
笨・LazyTemplate 繝励Μ繝溘ユ繧｣繝悶ヵ繧｣繝ｫ繧ｿ繝ｼ 謨ｰ蛟､謫堺ｽ・> round: 髱樊焚蛟､縺ｯ縺昴・縺ｾ縺ｾ
笨・LazyTemplate 繝励Μ繝溘ユ繧｣繝悶ヵ繧｣繝ｫ繧ｿ繝ｼ 謨ｰ蛟､謫堺ｽ・> int: 蟆乗焚轤ｹ莉･荳九ｒ蛻・ｊ謐ｨ縺ｦ繧・笨・LazyTemplate 繝励Μ繝溘ユ繧｣繝悶ヵ繧｣繝ｫ繧ｿ繝ｼ 謨ｰ蛟､謫堺ｽ・> int: 雋謨ｰ縺ｮ蟆乗焚轤ｹ莉･荳九ｒ蛻・ｊ謐ｨ縺ｦ繧・笨・LazyTemplate 繝励Μ繝溘ユ繧｣繝悶ヵ繧｣繝ｫ繧ｿ繝ｼ 謨ｰ蛟､謫堺ｽ・> float: 豬ｮ蜍募ｰ乗焚轤ｹ謨ｰ蛹悶☆繧・笨・LazyTemplate 繝励Μ繝溘ユ繧｣繝悶ヵ繧｣繝ｫ繧ｿ繝ｼ 謨ｰ蛟､謫堺ｽ・> abs: 邨ｶ蟇ｾ蛟､繧定ｿ斐☆
笨・LazyTemplate 繝励Μ繝溘ユ繧｣繝悶ヵ繧｣繝ｫ繧ｿ繝ｼ 謨ｰ蛟､謫堺ｽ・> ceil: 蛻・ｊ荳翫￡繧・笨・LazyTemplate 繝励Μ繝溘ユ繧｣繝悶ヵ繧｣繝ｫ繧ｿ繝ｼ 謨ｰ蛟､謫堺ｽ・> floor: 蛻・ｊ謐ｨ縺ｦ繧・笨・LazyTemplate 繝励Μ繝溘ユ繧｣繝悶ヵ繧｣繝ｫ繧ｿ繝ｼ 謨ｰ蛟､謫堺ｽ・> negate: 隨ｦ蜿ｷ繧貞渚霆｢縺吶ｋ
笨・LazyTemplate 繝励Μ繝溘ユ繧｣繝悶ヵ繧｣繝ｫ繧ｿ繝ｼ 豎守畑 > length: 譁・ｭ怜・縺ｮ髟ｷ縺輔ｒ霑斐☆
笨・LazyTemplate 繝励Μ繝溘ユ繧｣繝悶ヵ繧｣繝ｫ繧ｿ繝ｼ 豎守畑 > length: 驟榊・縺ｮ髟ｷ縺輔ｒ霑斐☆
笨・LazyTemplate 繝励Μ繝溘ユ繧｣繝悶ヵ繧｣繝ｫ繧ｿ繝ｼ 豎守畑 > length: 縺昴・莉悶・ 0 繧定ｿ斐☆
笨・LazyTemplate 繝励Μ繝溘ユ繧｣繝悶ヵ繧｣繝ｫ繧ｿ繝ｼ 豎守畑 > string: null 繧堤ｩｺ譁・ｭ励↓縺吶ｋ
笨・LazyTemplate 繝励Μ繝溘ユ繧｣繝悶ヵ繧｣繝ｫ繧ｿ繝ｼ 豎守畑 > boolean: truthy 繧・true 縺ｫ縺吶ｋ
笨・LazyTemplate 繝励Μ繝溘ユ繧｣繝悶ヵ繧｣繝ｫ繧ｿ繝ｼ 豎守畑 > boolean: falsy 繧・false 縺ｫ縺吶ｋ
笨・LazyTemplate 繝励Μ繝溘ユ繧｣繝悶ヵ繧｣繝ｫ繧ｿ繝ｼ 豎守畑 > default: null 繧堤ｩｺ譁・ｭ励↓縺吶ｋ
笨・LazyTemplate 繝励Μ繝溘ユ繧｣繝悶ヵ繧｣繝ｫ繧ｿ繝ｼ 豎守畑 > default: 蛟､縺後≠繧句ｴ蜷医・縺昴・縺ｾ縺ｾ
笨・LazyTemplate 繝励Μ繝溘ユ繧｣繝悶ヵ繧｣繝ｫ繧ｿ繝ｼ JSON > json: 繧ｪ繝悶ず繧ｧ繧ｯ繝医ｒ JSON 譁・ｭ怜・縺ｫ縺吶ｋ
笨・LazyTemplate 繝励Μ繝溘ユ繧｣繝悶ヵ繧｣繝ｫ繧ｿ繝ｼ JSON > json: 驟榊・繧・JSON 譁・ｭ怜・縺ｫ縺吶ｋ
笨・LazyTemplate 繝励Μ繝溘ユ繧｣繝悶ヵ繧｣繝ｫ繧ｿ繝ｼ JSON > jsonPretty: 謨ｴ蠖｢縺輔ｌ縺・JSON 繧定ｿ斐☆
笨・LazyTemplate.registerFilter > 繧ｫ繧ｹ繧ｿ繝繝輔ぅ繝ｫ繧ｿ繝ｼ繧堤匳骭ｲ縺励※菴ｿ逕ｨ縺ｧ縺阪ｋ
笨・LazyTemplate.registerFilter > 遨ｺ譁・ｭ励・ name 縺ｧ TypeError 繧偵せ繝ｭ繝ｼ縺吶ｋ
笨・LazyTemplate.registerFilter > 髱樊枚蟄怜・縺ｮ name 縺ｧ TypeError 繧偵せ繝ｭ繝ｼ縺吶ｋ
笨・LazyTemplate.registerFilter > 髱樣未謨ｰ縺ｮ fn 縺ｧ TypeError 繧偵せ繝ｭ繝ｼ縺吶ｋ
笨・LazyTemplate.registerFilter > 繝励Μ繝溘ユ繧｣繝悶ヵ繧｣繝ｫ繧ｿ繝ｼ繧剃ｸ頑嶌縺阪〒縺阪ｋ
笨・LazyTemplate.evaluate 髱咏噪繝｡繧ｽ繝・ラ > 繝ｯ繝ｳ繧ｷ繝ｧ繝・ヨ隧穂ｾ｡縺後〒縺阪ｋ
笨・LazyTemplate.evaluate 髱咏噪繝｡繧ｽ繝・ラ > 繧ｫ繧ｹ繧ｿ繝繝輔ぅ繝ｫ繧ｿ繝ｼ莉倥″繝ｯ繝ｳ繧ｷ繝ｧ繝・ヨ隧穂ｾ｡
笨・LazyTemplate.evaluate 髱咏噪繝｡繧ｽ繝・ラ > 繝励Ξ繝ｼ繧ｹ繝帙Ν繝繝ｼ縺ｪ縺励・繝ｯ繝ｳ繧ｷ繝ｧ繝・ヨ隧穂ｾ｡
笨・LazyTemplate 繧ｨ繝・ず繧ｱ繝ｼ繧ｹ > 遨ｺ繝・Φ繝励Ξ繝ｼ繝医・遨ｺ譁・ｭ励ｒ霑斐☆
笨・LazyTemplate 繧ｨ繝・ず繧ｱ繝ｼ繧ｹ > 遨ｺ繝励Ξ繝ｼ繧ｹ繝帙Ν繝繝ｼ縺ｯ遨ｺ譁・ｭ励ｒ霑斐☆
笨・LazyTemplate 繧ｨ繝・ず繧ｱ繝ｼ繧ｹ > 蠑上・蜑榊ｾ後・遨ｺ逋ｽ縺ｯ辟｡隕悶＆繧後ｋ
笨・LazyTemplate 繧ｨ繝・ず繧ｱ繝ｼ繧ｹ > 蛟､縺・0 縺ｮ蝣ｴ蜷・falsy 縺ｪ縺ｮ縺ｧ繝輔か繝ｼ繝ｫ繝舌ャ繧ｯ縺輔ｌ縺ｪ縺・ｼ域焚蛟､縺ｯ truthy 謇ｱ縺・ｼ・笨・LazyTemplate 繧ｨ繝・ず繧ｱ繝ｼ繧ｹ > 蛟､縺・false 縺ｮ蝣ｴ蜷医ｂ繝輔か繝ｼ繝ｫ繝舌ャ繧ｯ縺輔ｌ縺ｪ縺・笨・LazyTemplate 繧ｨ繝・ず繧ｱ繝ｼ繧ｹ > 譁・ｭ怜・繝ｪ繝・Λ繝ｫ・医ム繝悶Ν繧ｯ繧ｩ繝ｼ繝茨ｼ・笨・LazyTemplate 繧ｨ繝・ず繧ｱ繝ｼ繧ｹ > 譁・ｭ怜・繝ｪ繝・Λ繝ｫ・医す繝ｳ繧ｰ繝ｫ繧ｯ繧ｩ繝ｼ繝茨ｼ・笨・LazyTemplate 繧ｨ繝・ず繧ｱ繝ｼ繧ｹ > 謨ｰ蛟､繝ｪ繝・Λ繝ｫ
笨・LazyTemplate 繧ｨ繝・ず繧ｱ繝ｼ繧ｹ > 雋縺ｮ謨ｰ蛟､繝ｪ繝・Λ繝ｫ
笨・LazyTemplate 繧ｨ繝・ず繧ｱ繝ｼ繧ｹ > 繧ｭ繝｣繝・す繝･縺悟柑縺・※縺・ｋ・亥酔縺伜ｼ上ｒ2蝗櫁ｩ穂ｾ｡・・笨・LazyTemplate 繧ｨ繝・ず繧ｱ繝ｼ繧ｹ > 繝・Φ繝励Ξ繝ｼ繝亥・縺ｫ荳ｭ諡ｬ蠑ｧ繧貞性繧譁・ｭ怜・
笨・LazyTemplate 繧ｨ繝・ず繧ｱ繝ｼ繧ｹ > 髱槫ｸｸ縺ｫ髟ｷ縺・く繝ｼ繝代せ
笨・LazyTemplate 繧ｨ繝・ず繧ｱ繝ｼ繧ｹ > 蛟､縺・undefined 縺ｮ繧ｭ繝ｼ縺ｯ遨ｺ譁・ｭ励↓縺ｪ繧・笨・LazyTemplate 繧ｨ繝・ず繧ｱ繝ｼ繧ｹ > 驟榊・縺ｮ遽・峇螟悶う繝ｳ繝・ャ繧ｯ繧ｹ縺ｯ遨ｺ譁・ｭ励↓縺ｪ繧・笨・LazyTemplate 遨ｺ逋ｽ豁｣隕丞喧 > 譁・ｭ怜・繝ｪ繝・Λ繝ｫ螟悶・遨ｺ逋ｽ繧貞悸邵ｮ縺吶ｋ
笨・LazyTemplate 遨ｺ逋ｽ豁｣隕丞喧 > 譁・ｭ怜・繝ｪ繝・Λ繝ｫ蜀・・遨ｺ逋ｽ縺ｯ菫晄戟縺輔ｌ繧・
All tests passed!


============================================================
SlackFilters Tests
============================================================
Running SlackFilters Mrkdwn tests...
Running SlackFilters Escape tests...
Running SlackFilters Reference tests...
Running SlackFilters Date tests...
Running SlackFilters Utility tests...
Running SlackFilters Edge Case tests...

========================================
Test Results: 85/85 passed
========================================

笨・SlackFilters.bold > 騾壼ｸｸ譁・ｭ怜・繧貞､ｪ蟄励↓縺吶ｋ
笨・SlackFilters.bold > 遨ｺ譁・ｭ励・縺昴・縺ｾ縺ｾ霑斐☆
笨・SlackFilters.bold > null 縺ｯ遨ｺ譁・ｭ励ｒ霑斐☆
笨・SlackFilters.bold > undefined 縺ｯ遨ｺ譁・ｭ励ｒ霑斐☆
笨・SlackFilters.bold > 謨ｰ蛟､繧呈枚蟄怜・蛹悶＠縺ｦ螟ｪ蟄励↓縺吶ｋ
笨・SlackFilters.italic > 騾壼ｸｸ譁・ｭ怜・繧偵う繧ｿ繝ｪ繝・け縺ｫ縺吶ｋ
笨・SlackFilters.italic > 遨ｺ譁・ｭ励・縺昴・縺ｾ縺ｾ霑斐☆
笨・SlackFilters.italic > null 縺ｯ遨ｺ譁・ｭ励ｒ霑斐☆
笨・SlackFilters.strike > 騾壼ｸｸ譁・ｭ怜・縺ｫ蜿悶ｊ豸医＠邱壹ｒ霑ｽ蜉縺吶ｋ
笨・SlackFilters.strike > 遨ｺ譁・ｭ励・縺昴・縺ｾ縺ｾ霑斐☆
笨・SlackFilters.code > 騾壼ｸｸ譁・ｭ怜・繧偵う繝ｳ繝ｩ繧､繝ｳ繧ｳ繝ｼ繝峨↓縺吶ｋ
笨・SlackFilters.code > 遨ｺ譁・ｭ励・縺昴・縺ｾ縺ｾ霑斐☆
笨・SlackFilters.pre > 騾壼ｸｸ譁・ｭ怜・繧偵さ繝ｼ繝峨ヶ繝ｭ繝・け縺ｫ縺吶ｋ
笨・SlackFilters.pre > 遨ｺ譁・ｭ励・縺昴・縺ｾ縺ｾ霑斐☆
笨・SlackFilters.pre > 隍・焚陦後ｒ繧ｳ繝ｼ繝峨ヶ繝ｭ繝・け縺ｫ縺吶ｋ
笨・SlackFilters.escapeMrkdwn > & 繧偵お繧ｹ繧ｱ繝ｼ繝励☆繧・笨・SlackFilters.escapeMrkdwn > < > 繧偵お繧ｹ繧ｱ繝ｼ繝励☆繧・笨・SlackFilters.escapeMrkdwn > * _ ~ ` 繧偵お繧ｹ繧ｱ繝ｼ繝励☆繧・笨・SlackFilters.escapeMrkdwn > 縺吶∋縺ｦ縺ｮ迚ｹ谿頑枚蟄励ｒ荳蠎ｦ縺ｫ繧ｨ繧ｹ繧ｱ繝ｼ繝励☆繧・笨・SlackFilters.escapeMrkdwn > null 縺ｯ遨ｺ譁・ｭ励ｒ霑斐☆
笨・SlackFilters.escapeMrkdwn > 迚ｹ谿頑枚蟄励ｒ蜷ｫ縺ｾ縺ｪ縺・枚蟄怜・縺ｯ縺昴・縺ｾ縺ｾ
笨・SlackFilters.escapeHtml > HTML 迚ｹ谿頑枚蟄励ｒ繧ｨ繧ｹ繧ｱ繝ｼ繝励☆繧・笨・SlackFilters.escapeHtml > 騾壼ｸｸ譁・ｭ怜・縺ｯ縺昴・縺ｾ縺ｾ
笨・SlackFilters.escapeHtml > null 縺ｯ遨ｺ譁・ｭ励ｒ霑斐☆
笨・SlackFilters.escapeJson > 繝舌ャ繧ｯ繧ｹ繝ｩ繝・す繝･縺ｨ繝繝悶Ν繧ｯ繧ｩ繝ｼ繝医ｒ繧ｨ繧ｹ繧ｱ繝ｼ繝励☆繧・笨・SlackFilters.escapeJson > 謾ｹ陦後・繧ｿ繝悶ｒ繧ｨ繧ｹ繧ｱ繝ｼ繝励☆繧・笨・SlackFilters.escapeJson > 蛻ｶ蠕｡譁・ｭ励ｒ \uXXXX 縺ｧ繧ｨ繧ｹ繧ｱ繝ｼ繝励☆繧・笨・SlackFilters.escapeJson > null 縺ｯ遨ｺ譁・ｭ励ｒ霑斐☆
笨・SlackFilters.escapeJson > 騾壼ｸｸ譁・ｭ怜・縺ｯ縺昴・縺ｾ縺ｾ
笨・SlackFilters.slackUser > 繝ｦ繝ｼ繧ｶ繝ｼID繧貞盾辣ｧ蠖｢蠑上↓縺吶ｋ
笨・SlackFilters.slackUser > 遨ｺ譁・ｭ励・縺昴・縺ｾ縺ｾ霑斐☆
笨・SlackFilters.slackUser > null 縺ｯ遨ｺ譁・ｭ励ｒ霑斐☆
笨・SlackFilters.slackChannel > 繝√Ε繝阪ΝID繧貞盾辣ｧ蠖｢蠑上↓縺吶ｋ
笨・SlackFilters.slackChannel > 遨ｺ譁・ｭ励・縺昴・縺ｾ縺ｾ霑斐☆
笨・SlackFilters.slackSpecial > here 繧堤音谿翫Μ繝ｳ繧ｯ縺ｫ縺吶ｋ
笨・SlackFilters.slackSpecial > channel 繧堤音谿翫Μ繝ｳ繧ｯ縺ｫ縺吶ｋ
笨・SlackFilters.slackSpecial > everyone 繧堤音谿翫Μ繝ｳ繧ｯ縺ｫ縺吶ｋ
笨・SlackFilters.slackSpecial > 遨ｺ譁・ｭ励・縺昴・縺ｾ縺ｾ霑斐☆
笨・SlackFilters.slackLink > URL 繧偵Μ繝ｳ繧ｯ縺ｫ縺吶ｋ
笨・SlackFilters.slackLink > 繝ｩ繝吶Ν莉倥″ URL 繧偵Μ繝ｳ繧ｯ縺ｫ縺吶ｋ
笨・SlackFilters.slackLink > 遨ｺ譁・ｭ励・縺昴・縺ｾ縺ｾ霑斐☆
笨・SlackFilters.slackMail > 繝｡繝ｼ繝ｫ繧｢繝峨Ξ繧ｹ繧・mailto 繝ｪ繝ｳ繧ｯ縺ｫ縺吶ｋ
笨・SlackFilters.slackMail > 繝ｩ繝吶Ν莉倥″繝｡繝ｼ繝ｫ繧・mailto 繝ｪ繝ｳ繧ｯ縺ｫ縺吶ｋ
笨・SlackFilters.slackMail > 遨ｺ譁・ｭ励・縺昴・縺ｾ縺ｾ霑斐☆
笨・SlackFilters.slackMail > null 縺ｯ遨ｺ譁・ｭ励ｒ霑斐☆
笨・SlackFilters.slackDate > 繧ｿ繧､繝繧ｹ繧ｿ繝ｳ繝励ｒ Slack 譌･譎ゅΜ繝ｳ繧ｯ縺ｫ縺吶ｋ
笨・SlackFilters.slackDate > 譁・ｭ怜・繧ｿ繧､繝繧ｹ繧ｿ繝ｳ繝励ｂ螟画鋤縺吶ｋ
笨・SlackFilters.slackDate > 髱樊怏髯仙､縺ｯ縺昴・縺ｾ縺ｾ譁・ｭ怜・繧定ｿ斐☆
笨・SlackFilters.slackDate > null 縺ｯ遨ｺ譁・ｭ励ｒ霑斐☆
笨・SlackFilters.slackDate > undefined 縺ｯ遨ｺ譁・ｭ励ｒ霑斐☆
笨・SlackFilters.slackDate > Infinity 縺ｯ縺昴・縺ｾ縺ｾ譁・ｭ怜・繧定ｿ斐☆
笨・SlackFilters.slackDate > 蟆乗焚繧ｿ繧､繝繧ｹ繧ｿ繝ｳ繝励・蛻・ｊ謐ｨ縺ｦ繧峨ｌ繧・笨・SlackFilters.slackDateFmt > 繧ｫ繧ｹ繧ｿ繝繝輔か繝ｼ繝槭ャ繝医ｒ驕ｩ逕ｨ縺吶ｋ
笨・SlackFilters.slackDateFmt > 繝代う繝励↑縺励・ slackDate 縺ｨ蜷後§蜍穂ｽ・笨・SlackFilters.slackDateFmt > 髱樊焚蛟､繧ｿ繧､繝繧ｹ繧ｿ繝ｳ繝励・縺昴・縺ｾ縺ｾ譁・ｭ怜・繧定ｿ斐☆
笨・SlackFilters.slackDateFmt > null 縺ｯ遨ｺ譁・ｭ励ｒ霑斐☆
笨・SlackFilters.slackDateFmt > undefined 縺ｯ遨ｺ譁・ｭ励ｒ霑斐☆
笨・SlackFilters.slackTruncate > 40譁・ｭ嶺ｻ･蜀・・縺昴・縺ｾ縺ｾ霑斐☆
笨・SlackFilters.slackTruncate > 縺｡繧・≧縺ｩ40譁・ｭ励・縺昴・縺ｾ縺ｾ霑斐☆
笨・SlackFilters.slackTruncate > 41譁・ｭ嶺ｻ･荳翫・39譁・ｭ・逵∫払險伜捷
笨・SlackFilters.slackTruncate > null 縺ｯ遨ｺ譁・ｭ励ｒ霑斐☆
笨・SlackFilters.slackNewline > \r\n 繧・\n 縺ｫ邨ｱ荳縺吶ｋ
笨・SlackFilters.slackNewline > \r 繧・\n 縺ｫ邨ｱ荳縺吶ｋ
笨・SlackFilters.slackNewline > \n 縺ｯ縺昴・縺ｾ縺ｾ
笨・SlackFilters.slackNewline > 豺ｷ蜷域隼陦後ｒ邨ｱ荳縺吶ｋ
笨・SlackFilters.slackNewline > null 縺ｯ遨ｺ譁・ｭ励ｒ霑斐☆
笨・SlackFilters.slackBullet > 譁・ｭ怜・繧偵ヰ繝ｬ繝・ヨ繝ｪ繧ｹ繝磯・岼縺ｫ縺吶ｋ
笨・SlackFilters.slackBullet > 遨ｺ譁・ｭ励・縺昴・縺ｾ縺ｾ霑斐☆
笨・SlackFilters.slackBullet > null 縺ｯ遨ｺ譁・ｭ励ｒ霑斐☆
笨・SlackFilters.slackNumbered > 繝代う繝励↑縺励・ 1. 繧剃ｻ倅ｸ弱☆繧・笨・SlackFilters.slackNumbered > 繝代う繝嶺ｻ倥″縺ｯ逡ｪ蜿ｷ繧剃ｽｿ逕ｨ縺吶ｋ
笨・SlackFilters.slackNumbered > 遨ｺ譁・ｭ励・縺昴・縺ｾ縺ｾ霑斐☆
笨・SlackFilters.slackNumbered > null 縺ｯ遨ｺ譁・ｭ励ｒ霑斐☆
笨・SlackFilters.slackNumbered > 謨ｰ蛟､繧よ枚蟄怜・蛹悶＠縺ｦ蜃ｦ逅・☆繧・笨・SlackFilters 繧ｨ繝・ず繧ｱ繝ｼ繧ｹ > escapeMrkdwn + escapeJson 繝√ぉ繝ｼ繝ｳ縺悟ｮ牙・
笨・SlackFilters 繧ｨ繝・ず繧ｱ繝ｼ繧ｹ > bold 縺ｫ謨ｰ蛟､ 0 繧呈ｸ｡縺吶→陬・｣ｾ縺輔ｌ繧・笨・SlackFilters 繧ｨ繝・ず繧ｱ繝ｼ繧ｹ > bold 縺ｫ false 繧呈ｸ｡縺吶→陬・｣ｾ縺輔ｌ繧・笨・SlackFilters 繧ｨ繝・ず繧ｱ繝ｼ繧ｹ > slackMail 縺ｮ繝代う繝励′蜈磯ｭ縺ｫ縺ゅｋ蝣ｴ蜷・笨・SlackFilters 繧ｨ繝・ず繧ｱ繝ｼ繧ｹ > slackNumbered 縺ｮ繝代う繝励′蜈磯ｭ縺ｫ縺ゅｋ蝣ｴ蜷・笨・SlackFilters 繧ｨ繝・ず繧ｱ繝ｼ繧ｹ > slackTruncate 縺ｫ謨ｰ蛟､繧呈ｸ｡縺・笨・SlackFilters 繧ｨ繝・ず繧ｱ繝ｼ繧ｹ > escapeJson 縺ｫ遨ｺ譁・ｭ励ｒ貂｡縺・笨・SlackFilters 繧ｨ繝・ず繧ｱ繝ｼ繧ｹ > escapeHtml 縺ｫ謨ｰ蛟､繧呈ｸ｡縺・笨・SlackFilters LazyTemplate 邨ｱ蜷・> LazyTemplate 縺九ｉ bold 繝輔ぅ繝ｫ繧ｿ繝ｼ繧剃ｽｿ逕ｨ縺ｧ縺阪ｋ
笨・SlackFilters LazyTemplate 邨ｱ蜷・> LazyTemplate 縺九ｉ隍・焚繝輔ぅ繝ｫ繧ｿ繝ｼ繧偵メ繧ｧ繝ｼ繝ｳ縺ｧ縺阪ｋ
笨・SlackFilters LazyTemplate 邨ｱ蜷・> LazyTemplate 縺ｧ繝輔か繝ｼ繝ｫ繝舌ャ繧ｯ縺ｨ繝輔ぅ繝ｫ繧ｿ繝ｼ繧堤ｵ・∩蜷医ｏ縺帙ｋ

All tests passed!


============================================================
resolveSheet Tests
============================================================
Running resolveSheet Basic tests...
Running resolveSheet URL tests...
Running resolveSheet Object tests...
Running resolveSheet Edge Case tests...

========================================
Test Results: 34/34 passed
========================================

笨・resolveSheet Sheet 繧ｪ繝悶ず繧ｧ繧ｯ繝・> Sheet 繧ｪ繝悶ず繧ｧ繧ｯ繝医ｒ縺昴・縺ｾ縺ｾ霑斐☆
笨・resolveSheet Sheet 繧ｪ繝悶ず繧ｧ繧ｯ繝・> getSheetId 繝｡繧ｽ繝・ラ縺後↑縺・が繝悶ず繧ｧ繧ｯ繝医・ Sheet 縺ｨ縺励※謇ｱ繧上↑縺・笨・resolveSheet 譁・ｭ怜・・医す繝ｼ繝亥錐・・> 繧ｷ繝ｼ繝亥錐縺ｧ繧｢繧ｯ繝・ぅ繝悶せ繝励Ξ繝・ラ繧ｷ繝ｼ繝医°繧牙叙蠕・笨・resolveSheet 譁・ｭ怜・・医す繝ｼ繝亥錐・・> 蟄伜惠縺励↑縺・す繝ｼ繝亥錐縺ｧ繧ｨ繝ｩ繝ｼ
笨・resolveSheet 譁・ｭ怜・・医す繝ｼ繝亥錐・・> create: true 縺ｧ蟄伜惠縺励↑縺・す繝ｼ繝医ｒ菴懈・縺吶ｋ
笨・resolveSheet 譁・ｭ怜・・医す繝ｼ繝亥錐・・> create: true 縺ｧ譌｢蟄倥す繝ｼ繝医・縺昴・縺ｾ縺ｾ霑斐☆
笨・resolveSheet URL 譁・ｭ怜・ > URL 譁・ｭ怜・繧・openByUrl 縺ｧ蜃ｦ逅・☆繧・笨・resolveSheet URL 譁・ｭ怜・ > URL 縺ｫ gid 縺悟性縺ｾ繧後ｋ蝣ｴ蜷医∝ｯｾ蠢懊☆繧九す繝ｼ繝医ｒ霑斐☆
笨・resolveSheet URL 譁・ｭ怜・ > URL 縺ｮ gid 縺悟ｭ伜惠縺励↑縺・す繝ｼ繝医・蝣ｴ蜷医お繝ｩ繝ｼ
笨・resolveSheet 驟榊・ > [url, index] 縺ｧ謖・ｮ壹＠縺滉ｽ咲ｽｮ縺ｮ繧ｷ繝ｼ繝医ｒ霑斐☆
笨・resolveSheet 驟榊・ > [url, name] 縺ｧ謖・ｮ壹＠縺溷錐蜑阪・繧ｷ繝ｼ繝医ｒ霑斐☆
笨・resolveSheet 驟榊・ > [id, index] 縺ｧ謖・ｮ壹＠縺滉ｽ咲ｽｮ縺ｮ繧ｷ繝ｼ繝医ｒ霑斐☆
笨・resolveSheet 驟榊・ > [id, name] 縺ｧ謖・ｮ壹＠縺溷錐蜑阪・繧ｷ繝ｼ繝医ｒ霑斐☆
笨・resolveSheet 驟榊・ > [url] selector 縺ｪ縺励“id 縺ｪ縺励〒譛蛻昴・繧ｷ繝ｼ繝医ｒ霑斐☆
笨・resolveSheet 驟榊・ > [url] selector 縺ｪ縺励“id 縺ゅｊ縺ｧ gid 縺ｮ繧ｷ繝ｼ繝医ｒ霑斐☆
笨・resolveSheet 驟榊・ > 驟榊・ index 縺檎ｯ・峇螟悶〒繧ｨ繝ｩ繝ｼ
笨・resolveSheet 驟榊・ > 驟榊・ create: true + index 謖・ｮ壹〒繧ｨ繝ｩ繝ｼ
笨・resolveSheet 驟榊・ > 驟榊・ create: true + name 縺ｧ譁ｰ隕丈ｽ懈・
笨・resolveSheet 繧ｪ繝悶ず繧ｧ繧ｯ繝・> { url, name } 縺ｧ謖・ｮ壹☆繧・笨・resolveSheet 繧ｪ繝悶ず繧ｧ繧ｯ繝・> { id, index } 縺ｧ謖・ｮ壹☆繧・笨・resolveSheet 繧ｪ繝悶ず繧ｧ繧ｯ繝・> { urlOrId, name } URL蠖｢蠑上〒謖・ｮ壹☆繧・笨・resolveSheet 繧ｪ繝悶ず繧ｧ繧ｯ繝・> { urlOrId, name } ID蠖｢蠑上〒謖・ｮ壹☆繧・笨・resolveSheet 繧ｪ繝悶ず繧ｧ繧ｯ繝・> { url } 縺ｮ縺ｿ縺ｧ gid 縺ｪ縺励・譛蛻昴・繧ｷ繝ｼ繝・笨・resolveSheet 繧ｪ繝悶ず繧ｧ繧ｯ繝・> { url } 縺ｮ gid 縺ｧ繧ｷ繝ｼ繝医ｒ驕ｸ謚槭☆繧・笨・resolveSheet 繧ｪ繝悶ず繧ｧ繧ｯ繝・> { id, name } 縺ｧ create: true
笨・resolveSheet 繧ｪ繝悶ず繧ｧ繧ｯ繝・> { id, index } 縺ｧ create: true 縺ｯ繧ｨ繝ｩ繝ｼ
笨・resolveSheet 繧ｪ繝悶ず繧ｧ繧ｯ繝・> { url } + gid 縺ｧ create: true 縺ｯ繧ｨ繝ｩ繝ｼ
笨・resolveSheet 繧ｨ繝・ず繧ｱ繝ｼ繧ｹ > 謨ｰ蛟､縺ｯ TypeError 繧偵せ繝ｭ繝ｼ縺吶ｋ
笨・resolveSheet 繧ｨ繝・ず繧ｱ繝ｼ繧ｹ > true 縺ｯ TypeError 繧偵せ繝ｭ繝ｼ縺吶ｋ
笨・resolveSheet 繧ｨ繝・ず繧ｱ繝ｼ繧ｹ > null 縺ｯ TypeError 繧偵せ繝ｭ繝ｼ縺吶ｋ
笨・resolveSheet 繧ｨ繝・ず繧ｱ繝ｼ繧ｹ > undefined 縺ｯ TypeError 繧偵せ繝ｭ繝ｼ縺吶ｋ
笨・resolveSheet 繧ｨ繝・ず繧ｱ繝ｼ繧ｹ > url 蜆ｪ蜈磯・ｽ・ url > urlOrId
笨・resolveSheet 繧ｨ繝・ず繧ｱ繝ｼ繧ｹ > gid 縺・# 蛹ｺ蛻・ｊ縺ｧ繧ょ叙蠕励〒縺阪ｋ
笨・resolveSheet 繧ｨ繝・ず繧ｱ繝ｼ繧ｹ > options 縺ｪ縺励〒繧ゅョ繝輔か繝ｫ繝亥､縺御ｽｿ繧上ｌ繧・
All tests passed!


============================================================
loadAsObjects Tests
============================================================

========================================
Test Results: 40/40 passed
========================================

笨・loadFromSheetAsObjects 蝓ｺ譛ｬ > 繝倥ャ繝繝ｼ縺ｨ繝・・繧ｿ縺九ｉ繧ｪ繝悶ず繧ｧ繧ｯ繝磯・蛻励ｒ菴懈・縺吶ｋ
笨・loadFromSheetAsObjects 蝓ｺ譛ｬ > 1陦後・繝・・繧ｿ
笨・loadFromSheetAsObjects 蝓ｺ譛ｬ > 遨ｺ縺ｮ繧ｷ繝ｼ繝医・遨ｺ驟榊・繧定ｿ斐☆
笨・loadFromSheetAsObjects 蝓ｺ譛ｬ > 繝倥ャ繝繝ｼ縺ｮ縺ｿ縺ｮ繧ｷ繝ｼ繝医・遨ｺ驟榊・繧定ｿ斐☆
笨・loadFromSheetAsObjects 繧ｭ繝ｼ繝槭ャ繝代・ > 繧ｭ繝ｼ繧貞ｰ乗枚蟄励↓螟画鋤縺吶ｋ
笨・loadFromSheetAsObjects 繧ｭ繝ｼ繝槭ャ繝代・ > 繝槭ャ繝代・縺・null 繧定ｿ斐☆縺ｨ繧ｹ繧ｭ繝・・縺吶ｋ
笨・loadFromSheetAsObjects 繧ｭ繝ｼ繝槭ャ繝代・ > 繝槭ャ繝代・縺・undefined 繧定ｿ斐☆縺ｨ繧ｹ繧ｭ繝・・縺吶ｋ
笨・loadFromSheetAsObjects 繧ｭ繝ｼ繝槭ャ繝代・ > 繝槭ャ繝代・縺碁・蛻励ｒ霑斐☆縺ｨ繝阪せ繝域ｧ矩繧剃ｽ懈・縺吶ｋ
笨・loadFromSheetAsObjects 繧ｭ繝ｼ繝槭ャ繝代・ > 繝槭ャ繝代・縺ｫ columnIndex 縺梧ｸ｡縺輔ｌ繧・笨・loadFromSheetAsObjects limit/offset > limit 縺ｧ陦梧焚繧貞宛髯舌☆繧・笨・loadFromSheetAsObjects limit/offset > offset 縺ｧ蜈磯ｭ陦後ｒ繧ｹ繧ｭ繝・・縺吶ｋ
笨・loadFromSheetAsObjects limit/offset > limit 縺ｨ offset 繧貞酔譎ゅ↓菴ｿ逕ｨ縺吶ｋ
笨・loadFromSheetAsObjects limit/offset > limit 縺・total rows 繧医ｊ螟ｧ縺阪＞蝣ｴ蜷医・蜈ｨ陦後ｒ霑斐☆
笨・loadFromSheetAsObjects limit/offset > offset 縺・total rows 繧医ｊ螟ｧ縺阪＞蝣ｴ蜷医・遨ｺ驟榊・
笨・loadFromSheetAsObjects limit/offset > fn + limit + offset 繧貞酔譎ゅ↓菴ｿ逕ｨ縺吶ｋ
笨・loadFromSheetAsObjects 驟榊・繧ｵ繝輔ぅ繝・け繧ｹ > key[] 縺ｧ蜷悟錐繧ｭ繝ｼ縺碁・蛻励↓縺ｪ繧・笨・loadFromSheetAsObjects 驟榊・繧ｵ繝輔ぅ繝・け繧ｹ > key\[] 縺ｯ繝ｪ繝・Λ繝ｫ縺ｮ [] 縺ｨ縺励※謇ｱ繧上ｌ繧・笨・loadFromSheetAsObjects 驟榊・繧ｵ繝輔ぅ繝・け繧ｹ > 繝阪せ繝医ヱ繧ｹ + 驟榊・繧ｵ繝輔ぅ繝・け繧ｹ
笨・loadFromSheetAsObjects 繧ｨ繝・ず繧ｱ繝ｼ繧ｹ > 蛟､縺檎ｩｺ譁・ｭ励・蝣ｴ蜷医・縺昴・縺ｾ縺ｾ險ｭ螳壹☆繧・笨・loadFromSheetAsObjects 繧ｨ繝・ず繧ｱ繝ｼ繧ｹ > 蛟､縺・0 縺ｮ蝣ｴ蜷医・縺昴・縺ｾ縺ｾ險ｭ螳壹☆繧・笨・loadFromSheetAsObjects 繧ｨ繝・ず繧ｱ繝ｼ繧ｹ > 蛟､縺・null 縺ｮ蝣ｴ蜷医・縺昴・縺ｾ縺ｾ險ｭ螳壹☆繧・笨・loadFromSheetAsObjects 繧ｨ繝・ず繧ｱ繝ｼ繧ｹ > 蛟､縺・boolean 縺ｮ蝣ｴ蜷医・縺昴・縺ｾ縺ｾ險ｭ螳壹☆繧・笨・loadFromSheetAsObjects 繧ｨ繝・ず繧ｱ繝ｼ繧ｹ > 螟ｧ驥剰｡後・繝代ヵ繧ｩ繝ｼ繝槭Φ繧ｹ・・00陦鯉ｼ・笨・loadFromSheetAsObjects 繧ｨ繝・ず繧ｱ繝ｼ繧ｹ > 繝阪せ繝医・騾比ｸｭ縺ｧ荳頑嶌縺阪′逋ｺ逕溘☆繧句ｴ蜷・笨・loadFromSheetAsObjects 繧ｨ繝・ず繧ｱ繝ｼ繧ｹ > 蠑墓焚縺ｮ鬆・ｺ上↓髢｢繧上ｉ縺壼梛縺ｧ蛻､螳壹＆繧後ｋ
笨・loadFromRangeAsObjects Range 繧ｪ繝悶ず繧ｧ繧ｯ繝・> Range 縺九ｉ繧ｪ繝悶ず繧ｧ繧ｯ繝磯・蛻励ｒ菴懈・縺吶ｋ
笨・loadFromRangeAsObjects Range 繧ｪ繝悶ず繧ｧ繧ｯ繝・> Range + 繧ｭ繝ｼ繝槭ャ繝代・
笨・loadFromRangeAsObjects Range 繧ｪ繝悶ず繧ｧ繧ｯ繝・> Range + limit
笨・loadFromRangeAsObjects Range 繧ｪ繝悶ず繧ｧ繧ｯ繝・> Range + offset
笨・loadFromRangeAsObjects Range 繧ｪ繝悶ず繧ｧ繧ｯ繝・> Range + limit + offset
笨・loadFromRangeAsObjects Range 繧ｪ繝悶ず繧ｧ繧ｯ繝・> Range + fn + limit + offset
笨・loadFromRangeAsObjects Range 繧ｪ繝悶ず繧ｧ繧ｯ繝・> 繝倥ャ繝繝ｼ縺ｮ縺ｿ縺ｮ Range 縺ｯ遨ｺ驟榊・繧定ｿ斐☆
笨・loadFromRangeAsObjects Range 繧ｪ繝悶ず繧ｧ繧ｯ繝・> 髢句ｧ倶ｽ咲ｽｮ縺後★繧後◆ Range・・3 襍ｷ轤ｹ・・笨・loadFromRangeAsObjects Range 繧ｪ繝悶ず繧ｧ繧ｯ繝・> Range + 驟榊・繧ｵ繝輔ぅ繝・け繧ｹ
笨・loadFromRangeAsObjects Range 繧ｪ繝悶ず繧ｧ繧ｯ繝・> 繝槭ャ繝代・縺・null 繧定ｿ斐☆縺ｨ繧ｹ繧ｭ繝・・縺吶ｋ
笨・loadFromRangeAsObjects Range 繧ｪ繝悶ず繧ｧ繧ｯ繝・> 繝阪せ繝医ヱ繧ｹ + 驟榊・繧ｵ繝輔ぅ繝・け繧ｹ
笨・loadFromRangeAsObjects Range 譁・ｭ怜・ > Range 譁・ｭ怜・縺九ｉ繧ｪ繝悶ず繧ｧ繧ｯ繝磯・蛻励ｒ菴懈・縺吶ｋ
笨・loadFromRangeAsObjects Range 譁・ｭ怜・ > Range 譁・ｭ怜・ + limit + offset
笨・loadFromRangeAsObjects Range 譁・ｭ怜・ > 辟｡蜉ｹ縺ｪ Range 譁・ｭ怜・縺ｯ繧ｨ繝ｩ繝ｼ繧偵せ繝ｭ繝ｼ縺吶ｋ
笨・loadFromRangeAsObjects Range 譁・ｭ怜・ > Range 縺ｧ繧よ枚蟄怜・縺ｧ繧ゅ↑縺・source 縺ｯ繧ｨ繝ｩ繝ｼ繧偵せ繝ｭ繝ｼ縺吶ｋ

All tests passed!


============================================================
GoogleSearchConsoleApiClient Tests
============================================================
Running GSC Interface tests...
Running GSC withGoogleAuth tests...
Running GSC normalizeSiteUrl tests...
Running GSC Response Handler tests...
Running GSC Client Structure tests...

========================================
Test Results: 17/17 passed
========================================

笨・GoogleSearchConsoleApiClient 繧､繝ｳ繧ｿ繝ｼ繝輔ぉ繝ｼ繧ｹ > create 縺悟・髢九＆繧後※縺・ｋ
笨・GoogleSearchConsoleApiClient 繧､繝ｳ繧ｿ繝ｼ繝輔ぉ繝ｼ繧ｹ > withGoogleAuth 縺悟・髢九＆繧後※縺・ｋ
笨・GoogleSearchConsoleApiClient.withGoogleAuth > Authorization 繝倥ャ繝繝ｼ繧定ｿｽ蜉縺吶ｋ
笨・GoogleSearchConsoleApiClient.withGoogleAuth > 譌｢蟄倥・繝倥ャ繝繝ｼ繧剃ｿ晄戟縺吶ｋ
笨・GoogleSearchConsoleApiClient.withGoogleAuth > headers 縺・undefined 縺ｧ繧ょ虚菴懊☆繧・笨・GoogleSearchConsoleApiClient.withGoogleAuth > 豈主屓 getOAuthToken() 繧貞他縺ｶ・亥虚逧・ヨ繝ｼ繧ｯ繝ｳ・・笨・GoogleSearchConsoleApiClient normalizeSiteUrl > 騾壼ｸｸ縺ｮ URL 縺ｫ譛ｫ蟆ｾ繧ｹ繝ｩ繝・す繝･繧定ｿｽ蜉縺吶ｋ
笨・GoogleSearchConsoleApiClient normalizeSiteUrl > 譌｢縺ｫ譛ｫ蟆ｾ繧ｹ繝ｩ繝・す繝･縺後≠繧・URL 縺ｯ縺昴・縺ｾ縺ｾ
笨・GoogleSearchConsoleApiClient normalizeSiteUrl > sc-domain: 繝励Ξ繝輔ぅ繝・け繧ｹ縺ｯ縺昴・縺ｾ縺ｾ菴ｿ逕ｨ縺吶ｋ
笨・GoogleSearchConsoleApiClient normalizeSiteUrl > 遨ｺ譁・ｭ励・ siteUrl 縺ｧ繧ゅお繝ｩ繝ｼ縺ｫ縺ｪ繧峨↑縺・笨・GoogleSearchConsoleApiClient normalizeSiteUrl > null 縺ｮ siteUrl 縺ｧ繧ゅお繝ｩ繝ｼ縺ｫ縺ｪ繧峨↑縺・笨・GoogleSearchConsoleApiClient 繝ｬ繧ｹ繝昴Φ繧ｹ繝上Φ繝峨Λ > 繝ｬ繧ｹ繝昴Φ繧ｹ繝上Φ繝峨Λ縺・body 縺ｮ縺ｿ繧定ｿ斐☆
笨・GoogleSearchConsoleApiClient 繝ｬ繧ｹ繝昴Φ繧ｹ繝上Φ繝峨Λ > HTTP 繧ｨ繝ｩ繝ｼ譎ゅ・ HttpError 縺後せ繝ｭ繝ｼ縺輔ｌ繧・笨・GoogleSearchConsoleApiClient 繧ｯ繝ｩ繧､繧｢繝ｳ繝域ｧ矩 > create 縺瑚ｿ斐☆繧ｯ繝ｩ繧､繧｢繝ｳ繝医↓ call 繝｡繧ｽ繝・ラ縺後≠繧・笨・GoogleSearchConsoleApiClient 繧ｯ繝ｩ繧､繧｢繝ｳ繝域ｧ矩 > create 縺瑚ｿ斐☆繧ｯ繝ｩ繧､繧｢繝ｳ繝医↓ HTTP 繧ｷ繝ｧ繝ｼ繝医き繝・ヨ縺後≠繧・笨・GoogleSearchConsoleApiClient 繧ｯ繝ｩ繧､繧｢繝ｳ繝域ｧ矩 > create 縺瑚ｿ斐☆繧ｯ繝ｩ繧､繧｢繝ｳ繝医↓ use 繝｡繧ｽ繝・ラ縺後≠繧・笨・GoogleSearchConsoleApiClient 繧ｯ繝ｩ繧､繧｢繝ｳ繝域ｧ矩 > create 縺瑚ｿ斐☆繧ｯ繝ｩ繧､繧｢繝ｳ繝医↓ extend 繝｡繧ｽ繝・ラ縺後≠繧・
All tests passed!



============================================================
OVERALL SUMMARY
============================================================
  HttpClient                    108/113 passed  [FAIL]
  SlackClient                   48/48 passed  [PASS]
  LoggerFacade                  22/22 passed  [PASS]
  LazyTemplate                  85/85 passed  [PASS]
  SlackFilters                  85/85 passed  [PASS]
  resolveSheet                  34/34 passed  [PASS]
  loadAsObjects                 40/40 passed  [PASS]
  GoogleSearchConsoleApiClient  17/17 passed  [PASS]
------------------------------------------------------------
  TOTAL                         439/444 passed

5 test(s) FAILED
